✖ [2946/2946] Building DarkTower.WarMachine.R15TemporalHierarchy (2.2s)
trace: .> LEAN_PATH=/home/joe/code/mathlib4/.lake/packages/Cli/.lake/build/lib/lean:/home/joe/code/mathlib4/.lake/packages/batteries/.lake/build/lib/lean:/home/joe/code/mathlib4/.lake/packages/Qq/.lake/build/lib/lean:/home/joe/code/mathlib4/.lake/packages/aesop/.lake/build/lib/lean:/home/joe/code/mathlib4/.lake/packages/proofwidgets/.lake/build/lib/lean:/home/joe/code/mathlib4/.lake/packages/importGraph/.lake/build/lib/lean:/home/joe/code/mathlib4/.lake/packages/LeanSearchClient/.lake/build/lib/lean:/home/joe/code/mathlib4/.lake/packages/plausible/.lake/build/lib/lean:/home/joe/code/mathlib4/.lake/build/lib/lean /home/joe/.elan/toolchains/leanprover--lean4---v4.31.0-rc1/bin/lean /home/joe/code/mathlib4/DarkTower/WarMachine/R15TemporalHierarchy.lean -o /home/joe/code/mathlib4/.lake/build/lib/lean/DarkTower/WarMachine/R15TemporalHierarchy.olean -i /home/joe/code/mathlib4/.lake/build/lib/lean/DarkTower/WarMachine/R15TemporalHierarchy.ilean -c /home/joe/code/mathlib4/.lake/build/ir/DarkTower/WarMachine/R15TemporalHierarchy.c --setup /home/joe/code/mathlib4/.lake/build/ir/DarkTower/WarMachine/R15TemporalHierarchy.setup.json --json
error: DarkTower/WarMachine/R15TemporalHierarchy.lean:409:62: unexpected identifier; expected '}'
error: DarkTower/WarMachine/R15TemporalHierarchy.lean:415:55: unsolved goals
⊢ sorry.stepCosts.length = 2 ∧
    sorry.reportedScore = discountedScore (1 / 2) sorry.stepCosts ∧
      sorry = selectionProbability 2 5 ↑sorry.reportedScore ∧
        sorry.reportedProbability = selectionProbability 2 (↑sorry.reportedScore) 5
warning: DarkTower/WarMachine/R15TemporalHierarchy.lean:416:36: declaration uses `sorry`
warning: DarkTower/WarMachine/R15TemporalHierarchy.lean:428:4: declaration uses `sorry`
warning: DarkTower/WarMachine/R15TemporalHierarchy.lean:424:8: declaration uses `sorry`
warning: DarkTower/WarMachine/R15TemporalHierarchy.lean:443:39: declaration uses `sorry`
warning: DarkTower/WarMachine/R15TemporalHierarchy.lean:436:8: declaration uses `sorry`
warning: DarkTower/WarMachine/R15TemporalHierarchy.lean:444:2: 'change (1 / 2 : ℝ) = selectionProbability 2 5 6 at probability' tactic does nothing

Note: This linter can be disabled with `set_option linter.unusedTactic false`
warning: DarkTower/WarMachine/R15TemporalHierarchy.lean:445:2: 'linarith' tactic does nothing

Note: This linter can be disabled with `set_option linter.unusedTactic false`
warning: DarkTower/WarMachine/R15TemporalHierarchy.lean:445:2: this tactic is never executed

Note: This linter can be disabled with `set_option linter.unreachableTactic false`
error: Lean exited with code 1
Some required targets logged failures:
- DarkTower.WarMachine.R15TemporalHierarchy
error: build failed
