✖ [93/93] Building DarkTower.WarMachine.R10ScheduledEntrypoint (900ms)
trace: .> LEAN_PATH=/home/joe/code/mathlib4/.lake/packages/Cli/.lake/build/lib/lean:/home/joe/code/mathlib4/.lake/packages/batteries/.lake/build/lib/lean:/home/joe/code/mathlib4/.lake/packages/Qq/.lake/build/lib/lean:/home/joe/code/mathlib4/.lake/packages/aesop/.lake/build/lib/lean:/home/joe/code/mathlib4/.lake/packages/proofwidgets/.lake/build/lib/lean:/home/joe/code/mathlib4/.lake/packages/importGraph/.lake/build/lib/lean:/home/joe/code/mathlib4/.lake/packages/LeanSearchClient/.lake/build/lib/lean:/home/joe/code/mathlib4/.lake/packages/plausible/.lake/build/lib/lean:/home/joe/code/mathlib4/.lake/build/lib/lean /home/joe/.elan/toolchains/leanprover--lean4---v4.31.0-rc1/bin/lean /home/joe/code/mathlib4/DarkTower/WarMachine/R10ScheduledEntrypoint.lean -o /home/joe/code/mathlib4/.lake/build/lib/lean/DarkTower/WarMachine/R10ScheduledEntrypoint.olean -i /home/joe/code/mathlib4/.lake/build/lib/lean/DarkTower/WarMachine/R10ScheduledEntrypoint.ilean -c /home/joe/code/mathlib4/.lake/build/ir/DarkTower/WarMachine/R10ScheduledEntrypoint.c --setup /home/joe/code/mathlib4/.lake/build/ir/DarkTower/WarMachine/R10ScheduledEntrypoint.setup.json --json
error: DarkTower/WarMachine/R10ScheduledEntrypoint.lean:100:2: Type mismatch: After simplification, term
  accepted
 has type
  ((((record.launch.commissionId = record.commissionId ∧ record.launch.dispatchId = record.dispatchId) ∧
          List.filter
              (fun launch => launch.commissionId == record.commissionId && launch.dispatchId == record.dispatchId)
              record.launchHistory =
            [record.launch]) ∧
        record.tickPlan.eraseDups = record.tickPlan) ∧
      record.tickEntries = expectedTickEntries record.launch.launchId record.tickPlan) ∧
    record.r8TickIds = record.tickPlan
but is expected to have type
  List.filter (fun launch => launch.commissionId == record.commissionId && launch.dispatchId == record.dispatchId)
        record.launchHistory =
      [record.launch] ∧
    record.tickEntries = expectedTickEntries record.launch.launchId record.tickPlan
error: DarkTower/WarMachine/R10ScheduledEntrypoint.lean:116:2: failed to synthesize
  Decidable (ScheduledRoute positiveRecord)

Hint: Additional diagnostic information may be available using the `set_option diagnostics true` command.
error: Lean exited with code 1
Some required targets logged failures:
- DarkTower.WarMachine.R10ScheduledEntrypoint
error: build failed
