ℹ [2701/3105] Replayed DarkTower.WarMachine.CascadeOrder
info: DarkTower/WarMachine/CascadeOrder.lean:143:0: 'attempt001_2026_07_14_two_cycle_is_refused' depends on axioms: [propext]
info: DarkTower/WarMachine/CascadeOrder.lean:144:0: 'dropping_reverse_edge_is_acyclic_but_not_a_semilattice' depends on axioms: [propext]
info: DarkTower/WarMachine/CascadeOrder.lean:145:0: 'attempt008_2026_07_16_descent_is_accepted' depends on axioms: [propext]
⚠ [2703/3105] Replayed DarkTower.WarMachine.Holes
warning: DarkTower/WarMachine/Holes.lean:7464:4: declaration uses `sorry`
warning: DarkTower/WarMachine/Holes.lean:7487:4: declaration uses `sorry`
warning: DarkTower/WarMachine/Holes.lean:8082:4: declaration uses `sorry`
warning: DarkTower/WarMachine/Holes.lean:8135:4: declaration uses `sorry`
warning: DarkTower/WarMachine/Holes.lean:8138:4: declaration uses `sorry`
⚠ [2704/3105] Replayed DarkTower.WarMachine.PolicyPosterior
warning: DarkTower/WarMachine/PolicyPosterior.lean:18:5: Variable name `hhabit` is not explicitly referenced.

The binding can be removed (if unused) or named `_` (if used implicitly).

Note: This linter can be disabled with `set_option linter.unusedVariables false`
warning: DarkTower/WarMachine/PolicyPosterior.lean:18:33: Variable name `htau` is not explicitly referenced.

The binding can be removed (if unused) or named `_` (if used implicitly).

Note: This linter can be disabled with `set_option linter.unusedVariables false`
warning: DarkTower/WarMachine/PolicyPosterior.lean:19:5: Variable name `hne` is not explicitly referenced.

The binding can be removed (if unused) or named `_` (if used implicitly).

Note: This linter can be disabled with `set_option linter.unusedVariables false`
warning: DarkTower/WarMachine/PolicyPosterior.lean:19:27: Variable name `hnodup` is not explicitly referenced.

The binding can be removed (if unused) or named `_` (if used implicitly).

Note: This linter can be disabled with `set_option linter.unusedVariables false`
⚠ [2705/3105] Replayed DarkTower.WarMachine.PolicyPrecision
warning: DarkTower/WarMachine/PolicyPrecision.lean:43:19: Variable name `hhabit` is not explicitly referenced.

The binding can be removed (if unused) or named `_` (if used implicitly).

Note: This linter can be disabled with `set_option linter.unusedVariables false`
warning: DarkTower/WarMachine/PolicyPrecision.lean:48:19: Variable name `hhabit` is not explicitly referenced.

The binding can be removed (if unused) or named `_` (if used implicitly).

Note: This linter can be disabled with `set_option linter.unusedVariables false`
warning: DarkTower/WarMachine/PolicyPrecision.lean:75:51: Variable name `hG` is not explicitly referenced.

The binding can be removed (if unused) or named `_` (if used implicitly).

Note: This linter can be disabled with `set_option linter.unusedVariables false`
warning: DarkTower/WarMachine/PolicyPrecision.lean:94:0: automatically included section variable(s) unused in theorem `DarkTower.WarMachine.PolicyPrecision.sum_map_enum`:
  [Nonempty ι]
consider restructuring your `variable` declarations so that the variables are not in scope or explicitly omit them:
  omit [Nonempty ι] in theorem ...

Note: This linter can be disabled with `set_option linter.unusedSectionVars false`
⚠ [3355/3362] Replayed DarkTower.WarMachine.R20Interoception
warning: DarkTower/WarMachine/R20Interoception.lean:116:0: automatically included section variable(s) unused in theorem `DarkTower.WarMachine.R20Interoception.zero_mass_surprisal_top`:
  [Fintype Reading]
  [DecidableEq Reading]
consider restructuring your `variable` declarations so that the variables are not in scope or explicitly omit them:
  omit [Fintype Reading] [DecidableEq Reading] in theorem ...

Note: This linter can be disabled with `set_option linter.unusedSectionVars false`
warning: DarkTower/WarMachine/R20Interoception.lean:125:0: automatically included section variable(s) unused in theorem `DarkTower.WarMachine.R20Interoception.outside_surprisal_lower_bound`:
  [Fintype Reading]
  [DecidableEq Reading]
consider restructuring your `variable` declarations so that the variables are not in scope or explicitly omit them:
  omit [Fintype Reading] [DecidableEq Reading] in theorem ...

Note: This linter can be disabled with `set_option linter.unusedSectionVars false`
⚠ [3356/3362] Replayed DarkTower.WarMachine.PrecisionFromObservation
warning: DarkTower/WarMachine/PrecisionFromObservation.lean:66:5: Variable name `hb` is not explicitly referenced.

The binding can be removed (if unused) or named `_` (if used implicitly).

Note: This linter can be disabled with `set_option linter.unusedVariables false`
warning: DarkTower/WarMachine/PrecisionFromObservation.lean:71:22: Variable name `hu` is not explicitly referenced.

The binding can be removed (if unused) or named `_` (if used implicitly).

Note: This linter can be disabled with `set_option linter.unusedVariables false`
warning: DarkTower/WarMachine/PrecisionFromObservation.lean:85:12: Used `tac1 <;> tac2` where `(tac1; tac2)` would suffice

Note: This linter can be disabled with `set_option linter.unnecessarySeqFocus false`
warning: DarkTower/WarMachine/PrecisionFromObservation.lean:90:12: Used `tac1 <;> tac2` where `(tac1; tac2)` would suffice

Note: This linter can be disabled with `set_option linter.unnecessarySeqFocus false`
warning: DarkTower/WarMachine/PrecisionFromObservation.lean:309:0: automatically included section variable(s) unused in theorem `DarkTower.WarMachine.PrecisionFromObservation.unchanged_with_evidence_refused`:
  [Nonempty Policy]
consider restructuring your `variable` declarations so that the variables are not in scope or explicitly omit them:
  omit [Nonempty Policy] in theorem ...

Note: This linter can be disabled with `set_option linter.unusedSectionVars false`
warning: DarkTower/WarMachine/PrecisionFromObservation.lean:319:0: automatically included section variable(s) unused in theorem `DarkTower.WarMachine.PrecisionFromObservation.arbitrary_factor_refused`:
  [Nonempty Policy]
consider restructuring your `variable` declarations so that the variables are not in scope or explicitly omit them:
  omit [Nonempty Policy] in theorem ...

Note: This linter can be disabled with `set_option linter.unusedSectionVars false`
⚠ [3360/3362] Replayed DarkTower.WarMachine.EvidenceFromTheProcess
warning: DarkTower/WarMachine/EvidenceFromTheProcess.lean:55:0: automatically included section variable(s) unused in theorem `DarkTower.WarMachine.EvidenceFromTheProcess.no_evidence_no_change`:
  [Nonempty State]
consider restructuring your `variable` declarations so that the variables are not in scope or explicitly omit them:
  omit [Nonempty State] in theorem ...

Note: This linter can be disabled with `set_option linter.unusedSectionVars false`
warning: DarkTower/WarMachine/EvidenceFromTheProcess.lean:74:2: `push_neg` has been deprecated. Prefer using `push Not` instead.
If you'd rather continue using `push_neg` in your project, you can implement it as follows:
```
open Lean.Parser.Tactic in
macro "push_neg" cfg:optConfig loc:(location)? : tactic =>
  `(tactic| push $cfg:optConfig Not $[$loc]?)
```
warning: DarkTower/WarMachine/EvidenceFromTheProcess.lean:113:0: automatically included section variable(s) unused in theorem `DarkTower.WarMachine.EvidenceFromTheProcess.posterior_rises_iff_likelihood_above_evidence`:
  [Nonempty State]
consider restructuring your `variable` declarations so that the variables are not in scope or explicitly omit them:
  omit [Nonempty State] in theorem ...

Note: This linter can be disabled with `set_option linter.unusedSectionVars false`
⚠ [3362/3362] Built DarkTower.WarMachine.R11JointAction (2.4s)
warning: DarkTower/WarMachine/R11JointAction.lean:62:0: automatically included section variable(s) unused in theorem `DarkTower.WarMachine.R11JointAction.agreement_composes`:
  [Fintype Agent]
  [Nonempty Agent]
  [DecidableEq Agent]
  [DecidableEq Part]
consider restructuring your `variable` declarations so that the variables are not in scope or explicitly omit them:
  omit [Fintype Agent] [Nonempty Agent] [DecidableEq Agent] [DecidableEq Part] in theorem ...

Note: This linter can be disabled with `set_option linter.unusedSectionVars false`
warning: DarkTower/WarMachine/R11JointAction.lean:65:5: Variable name `agrees` is not explicitly referenced.

The binding can be removed (if unused) or named `_` (if used implicitly).

Note: This linter can be disabled with `set_option linter.unusedVariables false`
warning: DarkTower/WarMachine/R11JointAction.lean:108:0: automatically included section variable(s) unused in theorem `DarkTower.WarMachine.R11JointAction.watching_removes_inconsistent_goals`:
  [Fintype Agent]
  [Nonempty Agent]
  [DecidableEq Agent]
  [Nonempty (JointGoal Agent Part)]
consider restructuring your `variable` declarations so that the variables are not in scope or explicitly omit them:
  omit [Fintype Agent] [Nonempty Agent] [DecidableEq Agent] [Nonempty (JointGoal Agent Part)] in theorem ...

Note: This linter can be disabled with `set_option linter.unusedSectionVars false`
warning: DarkTower/WarMachine/R11JointAction.lean:110:5: Variable name `positive` is not explicitly referenced.

The binding can be removed (if unused) or named `_` (if used implicitly).

Note: This linter can be disabled with `set_option linter.unusedVariables false`
warning: DarkTower/WarMachine/R11JointAction.lean:114:4: This simp argument is unused:
  positive.ne'

Hint: Omit it from the simp argument list.
  simp [EvidenceFromTheProcess.posterior, moveLikelihood, inconsistent,̵
  ̵ ̵ ̵ ̵ ̵p̵o̵s̵i̵t̵i̵v̵e̵.̵n̵e̵'̵]

Note: This linter can be disabled with `set_option linter.unusedSimpArgs false`
warning: DarkTower/WarMachine/R11JointAction.lean:147:0: automatically included section variable(s) unused in theorem `DarkTower.WarMachine.R11JointAction.illegible_move_tells_nothing`:
  [Fintype Agent]
  [Nonempty Agent]
  [DecidableEq Agent]
  [DecidableEq Part]
consider restructuring your `variable` declarations so that the variables are not in scope or explicitly omit them:
  omit [Fintype Agent] [Nonempty Agent] [DecidableEq Agent] [DecidableEq Part] in theorem ...

Note: This linter can be disabled with `set_option linter.unusedSectionVars false`
warning: DarkTower/WarMachine/R11JointAction.lean:158:0: automatically included section variable(s) unused in theorem `DarkTower.WarMachine.R11JointAction.alignmentKL_eq_zero_iff`:
  [Fintype Agent]
  [Nonempty Agent]
  [DecidableEq Agent]
  [DecidableEq Part]
  [Nonempty (JointGoal Agent Part)]
consider restructuring your `variable` declarations so that the variables are not in scope or explicitly omit them:
  omit [Fintype
  Agent] [Nonempty Agent] [DecidableEq Agent] [DecidableEq Part] [Nonempty (JointGoal Agent Part)] in theorem ...

Note: This linter can be disabled with `set_option linter.unusedSectionVars false`
warning: DarkTower/WarMachine/R11JointAction.lean:193:39: Variable name `hp` is not explicitly referenced.

The binding can be removed (if unused) or named `_` (if used implicitly).

Note: This linter can be disabled with `set_option linter.unusedVariables false`
warning: DarkTower/WarMachine/R11JointAction.lean:204:0: automatically included section variable(s) unused in theorem `DarkTower.WarMachine.R11JointAction.false_common_certainty_refused`:
  [Fintype Agent]
  [Nonempty Agent]
  [DecidableEq Agent]
  [DecidableEq Part]
  [Fintype (JointGoal Agent Part)]
  [Nonempty (JointGoal Agent Part)]
consider restructuring your `variable` declarations so that the variables are not in scope or explicitly omit them:
  omit [Fintype
  Agent] [Nonempty
  Agent] [DecidableEq
  Agent] [DecidableEq Part] [Fintype (JointGoal Agent Part)] [Nonempty (JointGoal Agent Part)] in theorem ...

Note: This linter can be disabled with `set_option linter.unusedSectionVars false`
warning: DarkTower/WarMachine/R11JointAction.lean:206:5: Variable name `hg` is not explicitly referenced.

The binding can be removed (if unused) or named `_` (if used implicitly).

Note: This linter can be disabled with `set_option linter.unusedVariables false`
Build completed successfully (3362 jobs).
