ℹ [3349/3354] Replayed DarkTower.WarMachine.CascadeOrder
info: DarkTower/WarMachine/CascadeOrder.lean:143:0: 'attempt001_2026_07_14_two_cycle_is_refused' depends on axioms: [propext]
info: DarkTower/WarMachine/CascadeOrder.lean:144:0: 'dropping_reverse_edge_is_acyclic_but_not_a_semilattice' depends on axioms: [propext]
info: DarkTower/WarMachine/CascadeOrder.lean:145:0: 'attempt008_2026_07_16_descent_is_accepted' depends on axioms: [propext]
⚠ [3351/3354] Replayed DarkTower.WarMachine.Holes
warning: DarkTower/WarMachine/Holes.lean:7464:4: declaration uses `sorry`
warning: DarkTower/WarMachine/Holes.lean:7487:4: declaration uses `sorry`
warning: DarkTower/WarMachine/Holes.lean:8082:4: declaration uses `sorry`
warning: DarkTower/WarMachine/Holes.lean:8135:4: declaration uses `sorry`
warning: DarkTower/WarMachine/Holes.lean:8138:4: declaration uses `sorry`
ℹ [3352/3354] Replayed DarkTower.WarMachine.Proof2.CascadePolicySet
info: DarkTower/WarMachine/Proof2/CascadePolicySet.lean:52:0: 'DarkTower.WarMachine.Proof2.CascadePolicySet.PolicyKey' does not depend on any axioms
info: DarkTower/WarMachine/Proof2/CascadePolicySet.lean:53:0: 'DarkTower.WarMachine.Proof2.CascadePolicySet.KeyProvenance' does not depend on any axioms
info: DarkTower/WarMachine/Proof2/CascadePolicySet.lean:54:0: 'DarkTower.WarMachine.Proof2.CascadePolicySet.KeyAbsence' does not depend on any axioms
info: DarkTower/WarMachine/Proof2/CascadePolicySet.lean:55:0: 'DarkTower.WarMachine.Proof2.CascadePolicySet.cascadePolicySet' does not depend on any axioms
info: DarkTower/WarMachine/Proof2/CascadePolicySet.lean:56:0: 'DarkTower.WarMachine.Proof2.CascadePolicySet.mem_cascadePolicySet' does not depend on any axioms
ℹ [3353/3354] Replayed DarkTower.WarMachine.Proof2.EnactmentHabit
info: DarkTower/WarMachine/Proof2/EnactmentHabit.lean:326:0: 'DarkTower.WarMachine.Proof2.CascadePolicySet.PolicyKey' does not depend on any axioms
info: DarkTower/WarMachine/Proof2/EnactmentHabit.lean:327:0: 'DarkTower.WarMachine.Proof2.CascadePolicySet.KeyProvenance' does not depend on any axioms
info: DarkTower/WarMachine/Proof2/EnactmentHabit.lean:328:0: 'DarkTower.WarMachine.Proof2.CascadePolicySet.KeyAbsence' does not depend on any axioms
info: DarkTower/WarMachine/Proof2/EnactmentHabit.lean:329:0: 'DarkTower.WarMachine.Proof2.EnactmentHabit.WcVerdict' does not depend on any axioms
info: DarkTower/WarMachine/Proof2/EnactmentHabit.lean:330:0: 'DarkTower.WarMachine.Proof2.EnactmentHabit.Record' does not depend on any axioms
info: DarkTower/WarMachine/Proof2/EnactmentHabit.lean:331:0: 'DarkTower.WarMachine.Proof2.EnactmentHabit.Record.occurrence' does not depend on any axioms
info: DarkTower/WarMachine/Proof2/EnactmentHabit.lean:332:0: 'DarkTower.WarMachine.Proof2.EnactmentHabit.Record.attemptsInside' does not depend on any axioms
info: DarkTower/WarMachine/Proof2/EnactmentHabit.lean:333:0: 'DarkTower.WarMachine.Proof2.EnactmentHabit.Record.delta' depends on axioms: [propext]
info: DarkTower/WarMachine/Proof2/EnactmentHabit.lean:334:0: 'DarkTower.WarMachine.Proof2.EnactmentHabit.semilatticeIsAlwaysEmpty' does not depend on any axioms
info: DarkTower/WarMachine/Proof2/EnactmentHabit.lean:335:0: 'DarkTower.WarMachine.Proof2.EnactmentHabit.countedFrom' depends on axioms: [propext]
info: DarkTower/WarMachine/Proof2/EnactmentHabit.lean:336:0: 'DarkTower.WarMachine.Proof2.EnactmentHabit.counted' depends on axioms: [propext]
info: DarkTower/WarMachine/Proof2/EnactmentHabit.lean:337:0: 'DarkTower.WarMachine.Proof2.EnactmentHabit.habitCounts' depends on axioms: [propext]
info: DarkTower/WarMachine/Proof2/EnactmentHabit.lean:338:0: 'DarkTower.WarMachine.Proof2.EnactmentHabit.oneRecordOneCount' depends on axioms: [propext]
info: DarkTower/WarMachine/Proof2/EnactmentHabit.lean:339:0: 'DarkTower.WarMachine.Proof2.EnactmentHabit.failingVerdictAddsNothing' depends on axioms: [propext]
info: DarkTower/WarMachine/Proof2/EnactmentHabit.lean:340:0: 'DarkTower.WarMachine.Proof2.EnactmentHabit.duplicateOccurrenceCountsOnce' depends on axioms: [propext]
info: DarkTower/WarMachine/Proof2/EnactmentHabit.lean:341:0: 'DarkTower.WarMachine.Proof2.EnactmentHabit.absentKeyIsNotACount' depends on axioms: [propext]
info: DarkTower/WarMachine/Proof2/EnactmentHabit.lean:342:0: 'DarkTower.WarMachine.Proof2.EnactmentHabit.zeroDeltaDoesNotClaimTheOccurrence' depends on axioms: [propext]
info: DarkTower/WarMachine/Proof2/EnactmentHabit.lean:343:0: 'DarkTower.WarMachine.Proof2.EnactmentHabit.Concentration' depends on axioms: [propext, Classical.choice, Quot.sound]
info: DarkTower/WarMachine/Proof2/EnactmentHabit.lean:344:0: 'DarkTower.WarMachine.Proof2.EnactmentHabit.weightOf' depends on axioms: [propext, Classical.choice, Quot.sound]
info: DarkTower/WarMachine/Proof2/EnactmentHabit.lean:345:0: 'DarkTower.WarMachine.Proof2.EnactmentHabit.weightOf_pos' depends on axioms: [propext, Classical.choice, Quot.sound]
info: DarkTower/WarMachine/Proof2/EnactmentHabit.lean:346:0: 'DarkTower.WarMachine.Proof2.EnactmentHabit.normaliser' depends on axioms: [propext, Classical.choice, Quot.sound]
info: DarkTower/WarMachine/Proof2/EnactmentHabit.lean:347:0: 'DarkTower.WarMachine.Proof2.EnactmentHabit.normaliser_pos' depends on axioms: [propext, Classical.choice, Quot.sound]
info: DarkTower/WarMachine/Proof2/EnactmentHabit.lean:348:0: 'DarkTower.WarMachine.Proof2.EnactmentHabit.habitPrior' depends on axioms: [propext, Classical.choice, Quot.sound]
info: DarkTower/WarMachine/Proof2/EnactmentHabit.lean:349:0: 'DarkTower.WarMachine.Proof2.EnactmentHabit.habitPrior_pos' depends on axioms: [propext, Classical.choice, Quot.sound]
info: DarkTower/WarMachine/Proof2/EnactmentHabit.lean:350:0: 'DarkTower.WarMachine.Proof2.EnactmentHabit.habitPrior_uniform_of_noRecords' depends on axioms: [propext,
 Classical.choice,
 Quot.sound]
✖ [3354/3354] Building DarkTower.WarMachine.R15HabitPrior (2.3s)
trace: .> LEAN_PATH=/home/joe/code/mathlib4/.lake/packages/Cli/.lake/build/lib/lean:/home/joe/code/mathlib4/.lake/packages/batteries/.lake/build/lib/lean:/home/joe/code/mathlib4/.lake/packages/Qq/.lake/build/lib/lean:/home/joe/code/mathlib4/.lake/packages/aesop/.lake/build/lib/lean:/home/joe/code/mathlib4/.lake/packages/proofwidgets/.lake/build/lib/lean:/home/joe/code/mathlib4/.lake/packages/importGraph/.lake/build/lib/lean:/home/joe/code/mathlib4/.lake/packages/LeanSearchClient/.lake/build/lib/lean:/home/joe/code/mathlib4/.lake/packages/plausible/.lake/build/lib/lean:/home/joe/code/mathlib4/.lake/build/lib/lean /home/joe/.elan/toolchains/leanprover--lean4---v4.31.0-rc1/bin/lean /home/joe/code/mathlib4/DarkTower/WarMachine/R15HabitPrior.lean -o /home/joe/code/mathlib4/.lake/build/lib/lean/DarkTower/WarMachine/R15HabitPrior.olean -i /home/joe/code/mathlib4/.lake/build/lib/lean/DarkTower/WarMachine/R15HabitPrior.ilean -c /home/joe/code/mathlib4/.lake/build/ir/DarkTower/WarMachine/R15HabitPrior.c --setup /home/joe/code/mathlib4/.lake/build/ir/DarkTower/WarMachine/R15HabitPrior.setup.json --json
error: DarkTower/WarMachine/R15HabitPrior.lean:84:6: Unknown constant `List.sum_div`
error: DarkTower/WarMachine/R15HabitPrior.lean:82:61: unsolved goals
state : SlowState
classes : List ℕ
nonempty : classes ≠ []
positive : PositiveAlphas state classes
⊢ (List.map (fun actionClass => classAlpha state actionClass / (List.map (classAlpha state) classes).sum) classes).sum =
    1
error: DarkTower/WarMachine/R15HabitPrior.lean:206:27: failed to synthesize instance of type class
  MulRightStrictMono ℝ

Hint: Type class instance resolution failures can be inspected with the `set_option trace.Meta.synthInstance true` command.
error: DarkTower/WarMachine/R15HabitPrior.lean:211:11: failed to synthesize instance of type class
  MulRightStrictMono ℝ

Hint: Type class instance resolution failures can be inspected with the `set_option trace.Meta.synthInstance true` command.
error: DarkTower/WarMachine/R15HabitPrior.lean:212:8: No goals to be solved
error: DarkTower/WarMachine/R15HabitPrior.lean:218:66: unsolved goals
habit score : ℝ
habitPositive : 0 < habit
⊢ habit / Real.exp score = habit * (Real.exp score)⁻¹
error: DarkTower/WarMachine/R15HabitPrior.lean:325:37: Tactic `rewrite` failed: Did not find an occurrence of the pattern
  Real.log (3 / 5 / 5)
in the target expression
  Real.exp (-(0 - Real.log (3 / 5)) / 2) = ↑(classHabitPrior modeStateA twoClasses 1) * Real.exp (-0 / 2)

conforms : HabitTickConforms costSitedHabitTick
weight : Real.exp (-(0 - Real.log (3 / 5)) / 2) = ↑(classHabitPrior modeStateA twoClasses 1) * Real.exp (-0 / 2)
positive : 0 < 3 / 5
⊢ False
error: Lean exited with code 1
Some required targets logged failures:
- DarkTower.WarMachine.R15HabitPrior
error: build failed
