ℹ [2701/2940] Replayed DarkTower.WarMachine.CascadeOrder
info: DarkTower/WarMachine/CascadeOrder.lean:143:0: 'attempt001_2026_07_14_two_cycle_is_refused' depends on axioms: [propext]
info: DarkTower/WarMachine/CascadeOrder.lean:144:0: 'dropping_reverse_edge_is_acyclic_but_not_a_semilattice' depends on axioms: [propext]
info: DarkTower/WarMachine/CascadeOrder.lean:145:0: 'attempt008_2026_07_16_descent_is_accepted' depends on axioms: [propext]
⚠ [2703/2940] Replayed DarkTower.WarMachine.Holes
warning: DarkTower/WarMachine/Holes.lean:7464:4: declaration uses `sorry`
warning: DarkTower/WarMachine/Holes.lean:7487:4: declaration uses `sorry`
warning: DarkTower/WarMachine/Holes.lean:8082:4: declaration uses `sorry`
warning: DarkTower/WarMachine/Holes.lean:8135:4: declaration uses `sorry`
warning: DarkTower/WarMachine/Holes.lean:8138:4: declaration uses `sorry`
⚠ [2704/2940] Replayed DarkTower.WarMachine.PolicyPosterior
warning: DarkTower/WarMachine/PolicyPosterior.lean:18:5: Variable name `hhabit` is not explicitly referenced.

The binding can be removed (if unused) or named `_` (if used implicitly).

Note: This linter can be disabled with `set_option linter.unusedVariables false`
warning: DarkTower/WarMachine/PolicyPosterior.lean:18:33: Variable name `htau` is not explicitly referenced.

The binding can be removed (if unused) or named `_` (if used implicitly).

Note: This linter can be disabled with `set_option linter.unusedVariables false`
warning: DarkTower/WarMachine/PolicyPosterior.lean:19:5: Variable name `hne` is not explicitly referenced.

The binding can be removed (if unused) or named `_` (if used implicitly).

Note: This linter can be disabled with `set_option linter.unusedVariables false`
warning: DarkTower/WarMachine/PolicyPosterior.lean:19:27: Variable name `hnodup` is not explicitly referenced.

The binding can be removed (if unused) or named `_` (if used implicitly).

Note: This linter can be disabled with `set_option linter.unusedVariables false`
⚠ [2705/2940] Replayed DarkTower.WarMachine.PolicyPrecision
warning: DarkTower/WarMachine/PolicyPrecision.lean:43:19: Variable name `hhabit` is not explicitly referenced.

The binding can be removed (if unused) or named `_` (if used implicitly).

Note: This linter can be disabled with `set_option linter.unusedVariables false`
warning: DarkTower/WarMachine/PolicyPrecision.lean:48:19: Variable name `hhabit` is not explicitly referenced.

The binding can be removed (if unused) or named `_` (if used implicitly).

Note: This linter can be disabled with `set_option linter.unusedVariables false`
warning: DarkTower/WarMachine/PolicyPrecision.lean:75:51: Variable name `hG` is not explicitly referenced.

The binding can be removed (if unused) or named `_` (if used implicitly).

Note: This linter can be disabled with `set_option linter.unusedVariables false`
warning: DarkTower/WarMachine/PolicyPrecision.lean:94:0: automatically included section variable(s) unused in theorem `DarkTower.WarMachine.PolicyPrecision.sum_map_enum`:
  [Nonempty ι]
consider restructuring your `variable` declarations so that the variables are not in scope or explicitly omit them:
  omit [Nonempty ι] in theorem ...

Note: This linter can be disabled with `set_option linter.unusedSectionVars false`
⚠ [3355/3368] Replayed DarkTower.WarMachine.R20Interoception
warning: DarkTower/WarMachine/R20Interoception.lean:116:0: automatically included section variable(s) unused in theorem `DarkTower.WarMachine.R20Interoception.zero_mass_surprisal_top`:
  [Fintype Reading]
  [DecidableEq Reading]
consider restructuring your `variable` declarations so that the variables are not in scope or explicitly omit them:
  omit [Fintype Reading] [DecidableEq Reading] in theorem ...

Note: This linter can be disabled with `set_option linter.unusedSectionVars false`
warning: DarkTower/WarMachine/R20Interoception.lean:125:0: automatically included section variable(s) unused in theorem `DarkTower.WarMachine.R20Interoception.outside_surprisal_lower_bound`:
  [Fintype Reading]
  [DecidableEq Reading]
consider restructuring your `variable` declarations so that the variables are not in scope or explicitly omit them:
  omit [Fintype Reading] [DecidableEq Reading] in theorem ...

Note: This linter can be disabled with `set_option linter.unusedSectionVars false`
⚠ [3356/3368] Replayed DarkTower.WarMachine.PrecisionFromObservation
warning: DarkTower/WarMachine/PrecisionFromObservation.lean:64:42: Variable name `hc` is not explicitly referenced.

The binding can be removed (if unused) or named `_` (if used implicitly).

Note: This linter can be disabled with `set_option linter.unusedVariables false`
warning: DarkTower/WarMachine/PrecisionFromObservation.lean:72:46: Variable name `hc` is not explicitly referenced.

The binding can be removed (if unused) or named `_` (if used implicitly).

Note: This linter can be disabled with `set_option linter.unusedVariables false`
warning: DarkTower/WarMachine/PrecisionFromObservation.lean:84:44: Used `tac1 <;> tac2` where `(tac1; tac2)` would suffice

Note: This linter can be disabled with `set_option linter.unnecessarySeqFocus false`
warning: DarkTower/WarMachine/PrecisionFromObservation.lean:88:33: Used `tac1 <;> tac2` where `(tac1; tac2)` would suffice

Note: This linter can be disabled with `set_option linter.unnecessarySeqFocus false`
warning: DarkTower/WarMachine/PrecisionFromObservation.lean:104:0: automatically included section variable(s) unused in theorem `DarkTower.WarMachine.PrecisionFromObservation.posterior_temperature_direction_lt`:
  [Nonempty Policy]
consider restructuring your `variable` declarations so that the variables are not in scope or explicitly omit them:
  omit [Nonempty Policy] in theorem ...

Note: This linter can be disabled with `set_option linter.unusedSectionVars false`
warning: DarkTower/WarMachine/PrecisionFromObservation.lean:111:0: automatically included section variable(s) unused in theorem `DarkTower.WarMachine.PrecisionFromObservation.posterior_temperature_direction_gt`:
  [Nonempty Policy]
consider restructuring your `variable` declarations so that the variables are not in scope or explicitly omit them:
  omit [Nonempty Policy] in theorem ...

Note: This linter can be disabled with `set_option linter.unusedSectionVars false`
warning: DarkTower/WarMachine/PrecisionFromObservation.lean:201:49: 'change -F .b < -F .a' tactic does nothing

Note: This linter can be disabled with `set_option linter.unusedTactic false`
warning: DarkTower/WarMachine/PrecisionFromObservation.lean:204:49: 'change -F .a < -F .b' tactic does nothing

Note: This linter can be disabled with `set_option linter.unusedTactic false`
warning: DarkTower/WarMachine/PrecisionFromObservation.lean:193:35: Used `tac1 <;> tac2` where `(tac1; tac2)` would suffice

Note: This linter can be disabled with `set_option linter.unnecessarySeqFocus false`
warning: DarkTower/WarMachine/PrecisionFromObservation.lean:196:35: Used `tac1 <;> tac2` where `(tac1; tac2)` would suffice

Note: This linter can be disabled with `set_option linter.unnecessarySeqFocus false`
warning: DarkTower/WarMachine/PrecisionFromObservation.lean:272:0: automatically included section variable(s) unused in theorem `DarkTower.WarMachine.PrecisionFromObservation.conformsWithin_zero_iff`:
  [Nonempty Policy]
consider restructuring your `variable` declarations so that the variables are not in scope or explicitly omit them:
  omit [Nonempty Policy] in theorem ...

Note: This linter can be disabled with `set_option linter.unusedSectionVars false`
⚠ [3360/3368] Replayed DarkTower.WarMachine.EvidenceFromTheProcess
warning: DarkTower/WarMachine/EvidenceFromTheProcess.lean:55:0: automatically included section variable(s) unused in theorem `DarkTower.WarMachine.EvidenceFromTheProcess.no_evidence_no_change`:
  [Nonempty State]
consider restructuring your `variable` declarations so that the variables are not in scope or explicitly omit them:
  omit [Nonempty State] in theorem ...

Note: This linter can be disabled with `set_option linter.unusedSectionVars false`
warning: DarkTower/WarMachine/EvidenceFromTheProcess.lean:74:2: `push_neg` has been deprecated. Prefer using `push Not` instead.
If you'd rather continue using `push_neg` in your project, you can implement it as follows:
```
open Lean.Parser.Tactic in
macro "push_neg" cfg:optConfig loc:(location)? : tactic =>
  `(tactic| push $cfg:optConfig Not $[$loc]?)
```
warning: DarkTower/WarMachine/EvidenceFromTheProcess.lean:113:0: automatically included section variable(s) unused in theorem `DarkTower.WarMachine.EvidenceFromTheProcess.posterior_rises_iff_likelihood_above_evidence`:
  [Nonempty State]
consider restructuring your `variable` declarations so that the variables are not in scope or explicitly omit them:
  omit [Nonempty State] in theorem ...

Note: This linter can be disabled with `set_option linter.unusedSectionVars false`
warning: DarkTower/WarMachine/EvidenceFromTheProcess.lean:156:34: Variable name `G` is not explicitly referenced.

The binding can be removed (if unused) or named `_` (if used implicitly).

Note: This linter can be disabled with `set_option linter.unusedVariables false`
warning: DarkTower/WarMachine/EvidenceFromTheProcess.lean:156:36: Variable name `F` is not explicitly referenced.

The binding can be removed (if unused) or named `_` (if used implicitly).

Note: This linter can be disabled with `set_option linter.unusedVariables false`
ℹ [3361/3368] Replayed DarkTower.WarMachine.Proof2.CascadePolicySet
info: DarkTower/WarMachine/Proof2/CascadePolicySet.lean:52:0: 'DarkTower.WarMachine.Proof2.CascadePolicySet.PolicyKey' does not depend on any axioms
info: DarkTower/WarMachine/Proof2/CascadePolicySet.lean:53:0: 'DarkTower.WarMachine.Proof2.CascadePolicySet.KeyProvenance' does not depend on any axioms
info: DarkTower/WarMachine/Proof2/CascadePolicySet.lean:54:0: 'DarkTower.WarMachine.Proof2.CascadePolicySet.KeyAbsence' does not depend on any axioms
info: DarkTower/WarMachine/Proof2/CascadePolicySet.lean:55:0: 'DarkTower.WarMachine.Proof2.CascadePolicySet.cascadePolicySet' does not depend on any axioms
info: DarkTower/WarMachine/Proof2/CascadePolicySet.lean:56:0: 'DarkTower.WarMachine.Proof2.CascadePolicySet.mem_cascadePolicySet' does not depend on any axioms
ℹ [3362/3368] Replayed DarkTower.WarMachine.Proof2.EnactmentHabit
info: DarkTower/WarMachine/Proof2/EnactmentHabit.lean:326:0: 'DarkTower.WarMachine.Proof2.CascadePolicySet.PolicyKey' does not depend on any axioms
info: DarkTower/WarMachine/Proof2/EnactmentHabit.lean:327:0: 'DarkTower.WarMachine.Proof2.CascadePolicySet.KeyProvenance' does not depend on any axioms
info: DarkTower/WarMachine/Proof2/EnactmentHabit.lean:328:0: 'DarkTower.WarMachine.Proof2.CascadePolicySet.KeyAbsence' does not depend on any axioms
info: DarkTower/WarMachine/Proof2/EnactmentHabit.lean:329:0: 'DarkTower.WarMachine.Proof2.EnactmentHabit.WcVerdict' does not depend on any axioms
info: DarkTower/WarMachine/Proof2/EnactmentHabit.lean:330:0: 'DarkTower.WarMachine.Proof2.EnactmentHabit.Record' does not depend on any axioms
info: DarkTower/WarMachine/Proof2/EnactmentHabit.lean:331:0: 'DarkTower.WarMachine.Proof2.EnactmentHabit.Record.occurrence' does not depend on any axioms
info: DarkTower/WarMachine/Proof2/EnactmentHabit.lean:332:0: 'DarkTower.WarMachine.Proof2.EnactmentHabit.Record.attemptsInside' does not depend on any axioms
info: DarkTower/WarMachine/Proof2/EnactmentHabit.lean:333:0: 'DarkTower.WarMachine.Proof2.EnactmentHabit.Record.delta' depends on axioms: [propext]
info: DarkTower/WarMachine/Proof2/EnactmentHabit.lean:334:0: 'DarkTower.WarMachine.Proof2.EnactmentHabit.semilatticeIsAlwaysEmpty' does not depend on any axioms
info: DarkTower/WarMachine/Proof2/EnactmentHabit.lean:335:0: 'DarkTower.WarMachine.Proof2.EnactmentHabit.countedFrom' depends on axioms: [propext]
info: DarkTower/WarMachine/Proof2/EnactmentHabit.lean:336:0: 'DarkTower.WarMachine.Proof2.EnactmentHabit.counted' depends on axioms: [propext]
info: DarkTower/WarMachine/Proof2/EnactmentHabit.lean:337:0: 'DarkTower.WarMachine.Proof2.EnactmentHabit.habitCounts' depends on axioms: [propext]
info: DarkTower/WarMachine/Proof2/EnactmentHabit.lean:338:0: 'DarkTower.WarMachine.Proof2.EnactmentHabit.oneRecordOneCount' depends on axioms: [propext]
info: DarkTower/WarMachine/Proof2/EnactmentHabit.lean:339:0: 'DarkTower.WarMachine.Proof2.EnactmentHabit.failingVerdictAddsNothing' depends on axioms: [propext]
info: DarkTower/WarMachine/Proof2/EnactmentHabit.lean:340:0: 'DarkTower.WarMachine.Proof2.EnactmentHabit.duplicateOccurrenceCountsOnce' depends on axioms: [propext]
info: DarkTower/WarMachine/Proof2/EnactmentHabit.lean:341:0: 'DarkTower.WarMachine.Proof2.EnactmentHabit.absentKeyIsNotACount' depends on axioms: [propext]
info: DarkTower/WarMachine/Proof2/EnactmentHabit.lean:342:0: 'DarkTower.WarMachine.Proof2.EnactmentHabit.zeroDeltaDoesNotClaimTheOccurrence' depends on axioms: [propext]
info: DarkTower/WarMachine/Proof2/EnactmentHabit.lean:343:0: 'DarkTower.WarMachine.Proof2.EnactmentHabit.Concentration' depends on axioms: [propext, Classical.choice, Quot.sound]
info: DarkTower/WarMachine/Proof2/EnactmentHabit.lean:344:0: 'DarkTower.WarMachine.Proof2.EnactmentHabit.weightOf' depends on axioms: [propext, Classical.choice, Quot.sound]
info: DarkTower/WarMachine/Proof2/EnactmentHabit.lean:345:0: 'DarkTower.WarMachine.Proof2.EnactmentHabit.weightOf_pos' depends on axioms: [propext, Classical.choice, Quot.sound]
info: DarkTower/WarMachine/Proof2/EnactmentHabit.lean:346:0: 'DarkTower.WarMachine.Proof2.EnactmentHabit.normaliser' depends on axioms: [propext, Classical.choice, Quot.sound]
info: DarkTower/WarMachine/Proof2/EnactmentHabit.lean:347:0: 'DarkTower.WarMachine.Proof2.EnactmentHabit.normaliser_pos' depends on axioms: [propext, Classical.choice, Quot.sound]
info: DarkTower/WarMachine/Proof2/EnactmentHabit.lean:348:0: 'DarkTower.WarMachine.Proof2.EnactmentHabit.habitPrior' depends on axioms: [propext, Classical.choice, Quot.sound]
info: DarkTower/WarMachine/Proof2/EnactmentHabit.lean:349:0: 'DarkTower.WarMachine.Proof2.EnactmentHabit.habitPrior_pos' depends on axioms: [propext, Classical.choice, Quot.sound]
info: DarkTower/WarMachine/Proof2/EnactmentHabit.lean:350:0: 'DarkTower.WarMachine.Proof2.EnactmentHabit.habitPrior_uniform_of_noRecords' depends on axioms: [propext,
 Classical.choice,
 Quot.sound]
⚠ [3367/3368] Replayed DarkTower.WarMachine.R11JointAction
warning: DarkTower/WarMachine/R11JointAction.lean:88:0: automatically included section variable(s) unused in theorem `DarkTower.WarMachine.R11JointAction.certain_selects_goal`:
  [Nonempty Agent]
  [DecidableEq Agent]
consider restructuring your `variable` declarations so that the variables are not in scope or explicitly omit them:
  omit [Nonempty Agent] [DecidableEq Agent] in theorem ...

Note: This linter can be disabled with `set_option linter.unusedSectionVars false`
warning: DarkTower/WarMachine/R11JointAction.lean:151:0: automatically included section variable(s) unused in theorem `DarkTower.WarMachine.R11JointAction.watching_removes_inconsistent_goals`:
  [Fintype Agent]
  [Nonempty Agent]
  [DecidableEq Agent]
  [Nonempty (JointGoal Agent Part)]
consider restructuring your `variable` declarations so that the variables are not in scope or explicitly omit them:
  omit [Fintype Agent] [Nonempty Agent] [DecidableEq Agent] [Nonempty (JointGoal Agent Part)] in theorem ...

Note: This linter can be disabled with `set_option linter.unusedSectionVars false`
warning: DarkTower/WarMachine/R11JointAction.lean:179:0: automatically included section variable(s) unused in theorem `DarkTower.WarMachine.R11JointAction.illegible_move_tells_nothing`:
  [Fintype Agent]
  [Nonempty Agent]
  [DecidableEq Agent]
  [DecidableEq Part]
consider restructuring your `variable` declarations so that the variables are not in scope or explicitly omit them:
  omit [Fintype Agent] [Nonempty Agent] [DecidableEq Agent] [DecidableEq Part] in theorem ...

Note: This linter can be disabled with `set_option linter.unusedSectionVars false`
warning: DarkTower/WarMachine/R11JointAction.lean:190:0: automatically included section variable(s) unused in theorem `DarkTower.WarMachine.R11JointAction.alignmentKL_eq_zero_iff`:
  [Fintype Agent]
  [Nonempty Agent]
  [DecidableEq Agent]
  [DecidableEq Part]
  [Nonempty (JointGoal Agent Part)]
consider restructuring your `variable` declarations so that the variables are not in scope or explicitly omit them:
  omit [Fintype
  Agent] [Nonempty Agent] [DecidableEq Agent] [DecidableEq Part] [Nonempty (JointGoal Agent Part)] in theorem ...

Note: This linter can be disabled with `set_option linter.unusedSectionVars false`
warning: DarkTower/WarMachine/R11JointAction.lean:236:0: automatically included section variable(s) unused in theorem `DarkTower.WarMachine.R11JointAction.conforming_common_certainty_plays_goal`:
  [Nonempty (JointGoal Agent Part)]
consider restructuring your `variable` declarations so that the variables are not in scope or explicitly omit them:
  omit [Nonempty (JointGoal Agent Part)] in theorem ...

Note: This linter can be disabled with `set_option linter.unusedSectionVars false`
warning: DarkTower/WarMachine/R11JointAction.lean:282:0: automatically included section variable(s) unused in theorem `DarkTower.WarMachine.R11JointAction.belief_moved_without_observation_refused`:
  [Fintype Agent]
  [Nonempty Agent]
  [DecidableEq Agent]
  [Nonempty (JointGoal Agent Part)]
consider restructuring your `variable` declarations so that the variables are not in scope or explicitly omit them:
  omit [Fintype Agent] [Nonempty Agent] [DecidableEq Agent] [Nonempty (JointGoal Agent Part)] in theorem ...

Note: This linter can be disabled with `set_option linter.unusedSectionVars false`
warning: DarkTower/WarMachine/R11JointAction.lean:318:0: automatically included section variable(s) unused in theorem `DarkTower.WarMachine.R11JointAction.agreed_ownership_one_writer`:
  [Fintype Var]
consider restructuring your `variable` declarations so that the variables are not in scope or explicitly omit them:
  omit [Fintype Var] in theorem ...

Note: This linter can be disabled with `set_option linter.unusedSectionVars false`
✔ [3368/3368] Built DarkTower.WarMachine.R20Certificate (2.9s)
Build completed successfully (3368 jobs).
